🔨 Building complete portable desktop app...
   (Your dev environment will NOT be modified)

🔍 Pre-build validation...
   Checking routes for closures...
⚠️  Warning: Found 5 potential closure(s) in routes/
   Laravel cannot cache routes with closures.
   Make sure all routes use controllers.
